(node:14180) ExperimentalWarning: CommonJS module C:\Users\Lokesh Sunil Borole\AppData\Roaming\npm\node_modules\npm\node_modules\debug\src\node.js is loading ES Module C:\Users\Lokesh Sunil Borole\AppData\Roaming\npm\node_modules\npm\node_modules\supports-color\index.js using require().
Support for loading ES Module in require() is an experimental feature and might change at any time
(Use `node --trace-warnings ...` to show where the warning was created)
components/Navbar.tsx(93,9): error TS17002: Expected corresponding JSX closing tag for 'nav'.
components/Navbar.tsx(95,7): error TS1005: ')' expected.
components/Navbar.tsx(97,5): error TS1128: Declaration or statement expected.
components/Navbar.tsx(98,3): error TS1109: Expression expected.
